// Jest Snapshot v1, https://goo.gl/fbAQLP

exports[`Counter component should render correctly 1`] = `
<div>
  <div
    class="flex flex-col"
  >
    <span
      class="text-[48px]"
    >
      0
    </span>
    <div>
      <button
        class="text-xl"
      >
        Add
      </button>
      <button
        class="text-xl ml-2"
      >
        -
      </button>
    </div>
  </div>
</div>
`;
